// Jest Snapshot v1, https://goo.gl/fbAQLP

exports[`WebhooksIndexPage - Integration Test should flow: initial state 1`] = `
Object {
  "action": Array [
    Array [
      Object {
        "key": "WEBHOOK_EVENTS",
        "type": "get-some-type",
        "url": "",
      },
    ],
  ],
  "state": Object {},
}
`;

exports[`WebhooksIndexPage - Integration Test should flow: rendered 1`] = `
Object {
  "action": Array [
    Array [
      Object {
        "key": "WEBHOOK_EVENTS",
        "type": "get-some-type",
        "url": "",
      },
    ],
  ],
  "state": Object {},
}
`;
