// Jest Snapshot v1, https://goo.gl/fbAQLP

exports[`WebhooksIndexPage redering render with minimal props 1`] = `
<PageLayout
  header="Webhooks"
  isLoading={false}
  onBookmarkClick={[Function]}
  onSearch={[Function]}
  searchProps={
    Object {
      "autocomplete": Object {
        "id": "searchBar",
        "searchQuery": "",
        "url": "webhooks/auto_complete_search",
        "useKeyShortcuts": true,
      },
      "bookmarks": Object {
        "canCreateBookmarks": true,
        "documentationUrl": "4.1.5Searching",
        "url": "/api/bookmarks",
      },
      "controller": "webhooks",
    }
  }
  searchQuery=""
  searchable={true}
  toastNotifications={Array []}
  toolbarButtons={
    <ForwardRef
      to=""
    >
      <Button
        active={false}
        block={false}
        bsClass="btn"
        bsStyle="primary"
        disabled={false}
      >
        Create Webhook
      </Button>
    </ForwardRef>
  }
>
  <WrappedWebhooksTable
    fetchAndPush={[Function]}
    hasData={false}
    hasError={false}
    isLoading={false}
    itemCount={0}
    message={
      Object {
        "text": "Try to create a new Webhook",
        "type": "empty",
      }
    }
    pagination={
      Object {
        "page": null,
        "perPage": null,
      }
    }
    results={Array []}
    setToDelete={[Function]}
    sort={Object {}}
    toDelete={Object {}}
  />
</PageLayout>
`;
